
> valentine-app@0.1.0 build
> next build

Γû▓ Next.js 16.1.6 (Turbopack)

  Creating an optimized production build ...
node.exe : Error: 
Cannot apply unknown 
utility class 
`bg-background`. Are 
you using CSS 
modules or similar 
and missing 
`@reference`? https:/
/tailwindcss.com/docs
/functions-and-direct
ives#reference-direct
ive
At C:\Program Files\n
odejs\npm.ps1:29 
char:3
+   & $NODE_EXE 
$NPM_CLI_JS $args
+   ~~~~~~~~~~~~~~~~~
~~~~~~~~~~~~
    + CategoryInfo   
           : 
NotSpecifi    ed: 
(Error: Cannot     
a...rence-directi    
ve:String) [], Rem   
 oteException
    + 
FullyQualifiedEr    
rorId : NativeComm   
 andError
 
    [2m[at 
onInvalidCandidate 
(D:\Atha RPL\Valentin
ee\node_modules\tailw
indcss\dist\lib.js:21
:1314)][0m
    [2m[at Te 
(D:\Atha RPL\Valentin
ee\node_modules\tailw
indcss\dist\lib.js:16
:36652)][0m
    [2m[at D:\Atha R
PL\Valentinee\node_mo
dules\tailwindcss\dis
t\lib.js:21:355][0m
    [2m[at Rr 
(D:\Atha RPL\Valentin
ee\node_modules\tailw
indcss\dist\lib.js:3:
1718)][0m
    [2m[at _ 
(D:\Atha RPL\Valentin
ee\node_modules\tailw
indcss\dist\lib.js:3:
1377)][0m
    [2m[at $e 
(D:\Atha RPL\Valentin
ee\node_modules\tailw
indcss\dist\lib.js:21
:172)][0m
    [2m[at un 
(D:\Atha RPL\Valentin
ee\node_modules\tailw
indcss\dist\lib.js:38
:294)][0m
    [2m[at process.p
rocessTicksAndRejecti
ons (node:internal/pr
ocess/task_queues:105
:5)][0m
    [2m[at async cn 
(D:\Atha RPL\Valentin
ee\node_modules\tailw
indcss\dist\lib.js:38
:631)][0m
    [2m[at async Xr 
(D:\Atha RPL\Valentin
ee\node_modules\@tail
windcss\node\dist\ind
ex.js:10:3417)][0m

> Build error 
occurred
Error: Turbopack 
build failed with 1 
errors:
./app/globals.css
Error evaluating 
Node.js code
CssSyntaxError: 
tailwindcss: D:\Atha 
RPL\Valentinee\app\gl
obals.css:1:1: 
Cannot apply unknown 
utility class 
`bg-background`. Are 
you using CSS 
modules or similar 
and missing 
`@reference`? https:/
/tailwindcss.com/docs
/functions-and-direct
ives#reference-direct
ive
    at Input.error (n
ode_modules/postcss/l
ib/input.js:135:16) 
[D:\Atha RPL\Valentin
ee\.next\build\chunks
\node_modules_fe693df
6._.js:4651:22]
    at Root.error (no
de_modules/postcss/li
b/node.js:146:32) 
[D:\Atha RPL\Valentin
ee\.next\build\chunks
\node_modules_fe693df
6._.js:928:38]
    [at Object.Once 
(D:\Atha RPL\Valentin
ee\node_modules\@tail
windcss\postcss\dist\
index.js:10:6911)]
    [at process.proce
ssTicksAndRejections 
(node:internal/proces
s/task_queues:105:5)]
    at async 
LazyResult.runAsync (
node_modules/postcss/
lib/lazy-result.js:29
3:11) [D:\Atha RPL\Va
lentinee\.next\build\
chunks\node_modules_f
e693df6._.js:6206:21]
    at async 
transform (turbopack:
///[turbopack-node]/t
ransforms/postcss.ts:
70:34) [D:\Atha RPL\V
alentinee\.next\build
\chunks\[root-of-the-
server]__51225daf._.j
s:146:36]
    at async run (tur
bopack:///[turbopack-
node]/ipc/evaluate.ts
:92:23) [D:\Atha RPL\
Valentinee\.next\buil
d\chunks\[root-of-the
-server]__974941ed._.
js:443:31]

Import trace:
  Client Component 
Browser:
    
./app/globals.css 
[Client Component 
Browser]
    ./app/layout.tsx 
[Server Component]


    at async 
transform (turbopack:
///[turbopack-node]/t
ransforms/postcss.ts:
70:34) [D:\Atha RPL\V
alentinee\.next\build
\chunks\[root-of-the-
server]__51225daf._.j
s:146:36])
    at async run (tur
bopack:///[turbopack-
node]/ipc/evaluate.ts
:92:23) [D:\Atha RPL\
Valentinee\.next\buil
d\chunks\[root-of-the
-server]__974941ed._.
js:443:31])
